// Jest Snapshot v1, https://goo.gl/fbAQLP

exports[`match snapshot 1`] = `
<div
  data-testid="todo-1"
>
  <h1>
    IQ Camera p1
  </h1>
</div>
`;
